probe in ascolto su 127.0.0.1:9412 -> /home/benny/Scrivania/OTel-capabilities-for-mixed-criticality-workloads/2-DoE/latency/p1_n4/run_01/spans.tsv
----------------------------------------
Exception occurred during processing of request from ('127.0.0.1', 33106)
Traceback (most recent call last):
  File "/usr/lib/python3.12/socketserver.py", line 692, in process_request_thread
    self.finish_request(request, client_address)
  File "/usr/lib/python3.12/socketserver.py", line 362, in finish_request
    self.RequestHandlerClass(request, client_address, self)
  File "/usr/lib/python3.12/socketserver.py", line 761, in __init__
    self.handle()
  File "/usr/lib/python3.12/http/server.py", line 438, in handle
    self.handle_one_request()
  File "/usr/lib/python3.12/http/server.py", line 404, in handle_one_request
    self.raw_requestline = self.rfile.readline(65537)
                           ^^^^^^^^^^^^^^^^^^^^^^^^^^
  File "/usr/lib/python3.12/socket.py", line 707, in readinto
    return self._sock.recv_into(b)
           ^^^^^^^^^^^^^^^^^^^^^^^
ConnectionResetError: [Errno 104] Connection reset by peer
----------------------------------------
